// Jest Snapshot v1, https://goo.gl/fbAQLP

exports[`<UserPlaceholder> should render component 1`] = `null`;
