// Jest Snapshot v1, https://goo.gl/fbAQLP

exports[`<TimelinePeep> 2. should render component 1`] = `
<div
  className="mt-6 max-w-max"
/>
`;
