// Jest Snapshot v1, https://goo.gl/fbAQLP

exports[`<RightSidebar> should render component 1`] = `null`;
