// Jest Snapshot v1, https://goo.gl/fbAQLP

exports[`<Error> should render component 1`] = `
<div
  className="text-center my-8 space-y-5"
>
  <h2
    className="font-bold text-4xl"
  >
    Error, page not found
  </h2>
  <p
    className="pb-2"
  >
    Please go back to login 
    <br />
  </p>
</div>
`;
