// Jest Snapshot v1, https://goo.gl/fbAQLP

exports[`Navbar tests 1. Navbar should matches snapshot 1`] = `
Object {
  "asFragment": [Function],
  "baseElement": <body>
    <div>
      <div
        class="grid grid-cols-1 md:grid-cols-4 my-5 justify-center"
      >
        <div
          class="mx-auto md:mx-0"
        >
          <img
            alt="TChitter Logo"
            class="ml-8"
            src="/chitter.png"
            width="40px"
          />
        </div>
        <div
          class="col-span-2 md:border-x-2 md:border-slate-200 md:px-6 my-6 md:my-0"
        >
          <div
            class="flex justify-between items-center"
          >
            <h2
              class="font-bold text-2xl"
            >
              Home
            </h2>
            <svg
              aria-hidden="true"
              class="MuiSvgIcon-root MuiSvgIcon-fontSizeMedium css-i4bv87-MuiSvgIcon-root"
              data-testid="StarBorderPurple500Icon"
              focusable="false"
              viewBox="0 0 24 24"
            >
              <path
                d="m12 8.89.94 3.11h2.82l-2.27 1.62.93 3.01L12 14.79l-2.42 1.84.93-3.01L8.24 12h2.82L12 8.89M12 2l-2.42 8H2l6.17 4.41L5.83 22 12 17.31 18.18 22l-2.35-7.59L22 10h-7.58L12 2z"
              />
            </svg>
          </div>
        </div>
        <div
          class="px-0 md:px-6 mx-auto"
        >
          <svg
            aria-hidden="true"
            class="MuiSvgIcon-root MuiSvgIcon-fontSizeMedium absolute m-2 css-i4bv87-MuiSvgIcon-root"
            data-testid="SearchIcon"
            focusable="false"
            viewBox="0 0 24 24"
          >
            <path
              d="M15.5 14h-.79l-.28-.27C15.41 12.59 16 11.11 16 9.5 16 5.91 13.09 3 9.5 3S3 5.91 3 9.5 5.91 16 9.5 16c1.61 0 3.09-.59 4.23-1.57l.27.28v.79l5 4.99L20.49 19l-4.99-5zm-6 0C7.01 14 5 11.99 5 9.5S7.01 5 9.5 5 14 7.01 14 9.5 11.99 14 9.5 14z"
            />
          </svg>
          <input
            class="bg-blue-100 rounded-full py-2 px-8"
            type="text"
          />
        </div>
      </div>
    </div>
  </body>,
  "container": <div>
    <div
      class="grid grid-cols-1 md:grid-cols-4 my-5 justify-center"
    >
      <div
        class="mx-auto md:mx-0"
      >
        <img
          alt="TChitter Logo"
          class="ml-8"
          src="/chitter.png"
          width="40px"
        />
      </div>
      <div
        class="col-span-2 md:border-x-2 md:border-slate-200 md:px-6 my-6 md:my-0"
      >
        <div
          class="flex justify-between items-center"
        >
          <h2
            class="font-bold text-2xl"
          >
            Home
          </h2>
          <svg
            aria-hidden="true"
            class="MuiSvgIcon-root MuiSvgIcon-fontSizeMedium css-i4bv87-MuiSvgIcon-root"
            data-testid="StarBorderPurple500Icon"
            focusable="false"
            viewBox="0 0 24 24"
          >
            <path
              d="m12 8.89.94 3.11h2.82l-2.27 1.62.93 3.01L12 14.79l-2.42 1.84.93-3.01L8.24 12h2.82L12 8.89M12 2l-2.42 8H2l6.17 4.41L5.83 22 12 17.31 18.18 22l-2.35-7.59L22 10h-7.58L12 2z"
            />
          </svg>
        </div>
      </div>
      <div
        class="px-0 md:px-6 mx-auto"
      >
        <svg
          aria-hidden="true"
          class="MuiSvgIcon-root MuiSvgIcon-fontSizeMedium absolute m-2 css-i4bv87-MuiSvgIcon-root"
          data-testid="SearchIcon"
          focusable="false"
          viewBox="0 0 24 24"
        >
          <path
            d="M15.5 14h-.79l-.28-.27C15.41 12.59 16 11.11 16 9.5 16 5.91 13.09 3 9.5 3S3 5.91 3 9.5 5.91 16 9.5 16c1.61 0 3.09-.59 4.23-1.57l.27.28v.79l5 4.99L20.49 19l-4.99-5zm-6 0C7.01 14 5 11.99 5 9.5S7.01 5 9.5 5 14 7.01 14 9.5 11.99 14 9.5 14z"
          />
        </svg>
        <input
          class="bg-blue-100 rounded-full py-2 px-8"
          type="text"
        />
      </div>
    </div>
  </div>,
  "debug": [Function],
  "findAllByAltText": [Function],
  "findAllByDisplayValue": [Function],
  "findAllByLabelText": [Function],
  "findAllByPlaceholderText": [Function],
  "findAllByRole": [Function],
  "findAllByTestId": [Function],
  "findAllByText": [Function],
  "findAllByTitle": [Function],
  "findByAltText": [Function],
  "findByDisplayValue": [Function],
  "findByLabelText": [Function],
  "findByPlaceholderText": [Function],
  "findByRole": [Function],
  "findByTestId": [Function],
  "findByText": [Function],
  "findByTitle": [Function],
  "getAllByAltText": [Function],
  "getAllByDisplayValue": [Function],
  "getAllByLabelText": [Function],
  "getAllByPlaceholderText": [Function],
  "getAllByRole": [Function],
  "getAllByTestId": [Function],
  "getAllByText": [Function],
  "getAllByTitle": [Function],
  "getByAltText": [Function],
  "getByDisplayValue": [Function],
  "getByLabelText": [Function],
  "getByPlaceholderText": [Function],
  "getByRole": [Function],
  "getByTestId": [Function],
  "getByText": [Function],
  "getByTitle": [Function],
  "queryAllByAltText": [Function],
  "queryAllByDisplayValue": [Function],
  "queryAllByLabelText": [Function],
  "queryAllByPlaceholderText": [Function],
  "queryAllByRole": [Function],
  "queryAllByTestId": [Function],
  "queryAllByText": [Function],
  "queryAllByTitle": [Function],
  "queryByAltText": [Function],
  "queryByDisplayValue": [Function],
  "queryByLabelText": [Function],
  "queryByPlaceholderText": [Function],
  "queryByRole": [Function],
  "queryByTestId": [Function],
  "queryByText": [Function],
  "queryByTitle": [Function],
  "rerender": [Function],
  "unmount": [Function],
}
`;
